  Determining projects to restore...
  All projects are up-to-date for restore.
C:\Users\nguye\.gemini\antigravity\scratch\OBeefSoup\Areas\Admin\Views\Products\Delete.cshtml(74,88): error CS1002: ; expected [C:\Users\nguye\.gemini\antigravity\scratch\OBeefSoup\OBeefSoup.csproj]
C:\Users\nguye\.gemini\antigravity\scratch\OBeefSoup\Areas\Admin\Views\Products\Delete.cshtml(78,84): error CS1002: ; expected [C:\Users\nguye\.gemini\antigravity\scratch\OBeefSoup\OBeefSoup.csproj]
C:\Users\nguye\.gemini\antigravity\scratch\OBeefSoup\Views\Menu\Index.cshtml(24,35): warning CS8602: Dereference of a possibly null reference. [C:\Users\nguye\.gemini\antigravity\scratch\OBeefSoup\OBeefSoup.csproj]
C:\Users\nguye\.gemini\antigravity\scratch\OBeefSoup\Areas\Admin\Views\Products\Delete.cshtml(74,86): error CS0103: The name 'C├│' does not exist in the current context [C:\Users\nguye\.gemini\antigravity\scratch\OBeefSoup\OBeefSoup.csproj]
C:\Users\nguye\.gemini\antigravity\scratch\OBeefSoup\Areas\Admin\Views\Products\Delete.cshtml(78,79): error CS0103: The name 'Kh├┤ng' does not exist in the current context [C:\Users\nguye\.gemini\antigravity\scratch\OBeefSoup\OBeefSoup.csproj]
C:\Users\nguye\.gemini\antigravity\scratch\OBeefSoup\Controllers\MenuController.cs(22,31): warning CS8602: Dereference of a possibly null reference. [C:\Users\nguye\.gemini\antigravity\scratch\OBeefSoup\OBeefSoup.csproj]

Build FAILED.

C:\Users\nguye\.gemini\antigravity\scratch\OBeefSoup\Views\Menu\Index.cshtml(24,35): warning CS8602: Dereference of a possibly null reference. [C:\Users\nguye\.gemini\antigravity\scratch\OBeefSoup\OBeefSoup.csproj]
C:\Users\nguye\.gemini\antigravity\scratch\OBeefSoup\Controllers\MenuController.cs(22,31): warning CS8602: Dereference of a possibly null reference. [C:\Users\nguye\.gemini\antigravity\scratch\OBeefSoup\OBeefSoup.csproj]
C:\Users\nguye\.gemini\antigravity\scratch\OBeefSoup\Areas\Admin\Views\Products\Delete.cshtml(74,88): error CS1002: ; expected [C:\Users\nguye\.gemini\antigravity\scratch\OBeefSoup\OBeefSoup.csproj]
C:\Users\nguye\.gemini\antigravity\scratch\OBeefSoup\Areas\Admin\Views\Products\Delete.cshtml(78,84): error CS1002: ; expected [C:\Users\nguye\.gemini\antigravity\scratch\OBeefSoup\OBeefSoup.csproj]
C:\Users\nguye\.gemini\antigravity\scratch\OBeefSoup\Areas\Admin\Views\Products\Delete.cshtml(74,86): error CS0103: The name 'C├│' does not exist in the current context [C:\Users\nguye\.gemini\antigravity\scratch\OBeefSoup\OBeefSoup.csproj]
C:\Users\nguye\.gemini\antigravity\scratch\OBeefSoup\Areas\Admin\Views\Products\Delete.cshtml(78,79): error CS0103: The name 'Kh├┤ng' does not exist in the current context [C:\Users\nguye\.gemini\antigravity\scratch\OBeefSoup\OBeefSoup.csproj]
    2 Warning(s)
    4 Error(s)

Time Elapsed 00:00:02.15

Workload updates are available. Run `dotnet workload list` for more information.
